// Jest Snapshot v1, https://goo.gl/fbAQLP

exports[`<Smart Home/> renders correctly 1`] = `
<View
  style={
    Object {
      "alignContent": "center",
      "color": "#000",
      "fontSize": "35px",
      "left": 175,
      "position": "relative",
      "top": 300,
    }
  }
>
  <Text
    style={
      Object {
        "alignContent": "center",
        "fontSize": "30px",
        "left": -60,
        "position": "absolute",
        "top": -250,
      }
    }
  >
    Smart Home
  </Text>
  <View
    accessible={true}
    collapsable={false}
    focusable={true}
    onClick={[Function]}
    onResponderGrant={[Function]}
    onResponderMove={[Function]}
    onResponderRelease={[Function]}
    onResponderTerminate={[Function]}
    onResponderTerminationRequest={[Function]}
    onStartShouldSetResponder={[Function]}
    style={
      Object {
        "alignContent": "center",
        "backgroundColor": "#00d",
        "borderRadius": 10,
        "elevation": 8,
        "left": -150,
        "opacity": 1,
        "paddingHorizontal": 17,
        "paddingVertical": 15,
        "position": "absolute",
        "top": -175,
      }
    }
  >
    <Text
      style={
        Object {
          "alignSelf": "center",
          "color": "#fff",
          "fontSize": 18,
          "fontWeight": "bold",
          "textTransform": "uppercase",
        }
      }
    >
      thermostat
    </Text>
  </View>
  <View
    accessible={true}
    collapsable={false}
    focusable={true}
    onClick={[Function]}
    onResponderGrant={[Function]}
    onResponderMove={[Function]}
    onResponderRelease={[Function]}
    onResponderTerminate={[Function]}
    onResponderTerminationRequest={[Function]}
    onStartShouldSetResponder={[Function]}
    style={
      Object {
        "alignContent": "center",
        "backgroundColor": "#00d",
        "borderRadius": 10,
        "elevation": 8,
        "left": 50,
        "opacity": 1,
        "paddingHorizontal": 17,
        "paddingVertical": 15,
        "position": "absolute",
        "top": -175,
      }
    }
  >
    <Text
      style={
        Object {
          "alignSelf": "center",
          "color": "#fff",
          "fontSize": 18,
          "fontWeight": "bold",
          "textTransform": "uppercase",
        }
      }
    >
      fans
    </Text>
  </View>
  <View
    accessible={true}
    collapsable={false}
    focusable={true}
    onClick={[Function]}
    onResponderGrant={[Function]}
    onResponderMove={[Function]}
    onResponderRelease={[Function]}
    onResponderTerminate={[Function]}
    onResponderTerminationRequest={[Function]}
    onStartShouldSetResponder={[Function]}
    style={
      Object {
        "alignContent": "center",
        "backgroundColor": "#00d",
        "borderRadius": 10,
        "elevation": 8,
        "left": -150,
        "opacity": 1,
        "paddingHorizontal": 17,
        "paddingVertical": 15,
        "position": "absolute",
        "top": -75,
      }
    }
  >
    <Text
      style={
        Object {
          "alignSelf": "center",
          "color": "#fff",
          "fontSize": 18,
          "fontWeight": "bold",
          "textTransform": "uppercase",
        }
      }
    >
      sprinklers
    </Text>
  </View>
  <View
    accessible={true}
    collapsable={false}
    focusable={true}
    onClick={[Function]}
    onResponderGrant={[Function]}
    onResponderMove={[Function]}
    onResponderRelease={[Function]}
    onResponderTerminate={[Function]}
    onResponderTerminationRequest={[Function]}
    onStartShouldSetResponder={[Function]}
    style={
      Object {
        "alignContent": "center",
        "backgroundColor": "#00d",
        "borderRadius": 10,
        "elevation": 8,
        "left": 50,
        "opacity": 1,
        "paddingHorizontal": 17,
        "paddingVertical": 15,
        "position": "absolute",
        "top": -75,
      }
    }
  >
    <Text
      style={
        Object {
          "alignSelf": "center",
          "color": "#fff",
          "fontSize": 18,
          "fontWeight": "bold",
          "textTransform": "uppercase",
        }
      }
    >
      heater
    </Text>
  </View>
  <View
    accessible={true}
    collapsable={false}
    focusable={true}
    onClick={[Function]}
    onResponderGrant={[Function]}
    onResponderMove={[Function]}
    onResponderRelease={[Function]}
    onResponderTerminate={[Function]}
    onResponderTerminationRequest={[Function]}
    onStartShouldSetResponder={[Function]}
    style={
      Object {
        "alignContent": "center",
        "backgroundColor": "#00d",
        "borderRadius": 10,
        "elevation": 8,
        "left": -150,
        "opacity": 1,
        "paddingHorizontal": 17,
        "paddingVertical": 15,
        "position": "absolute",
        "top": 25,
      }
    }
  >
    <Text
      style={
        Object {
          "alignSelf": "center",
          "color": "#fff",
          "fontSize": 18,
          "fontWeight": "bold",
          "textTransform": "uppercase",
        }
      }
    >
      blinds
    </Text>
  </View>
  <View
    accessible={true}
    collapsable={false}
    focusable={true}
    onClick={[Function]}
    onResponderGrant={[Function]}
    onResponderMove={[Function]}
    onResponderRelease={[Function]}
    onResponderTerminate={[Function]}
    onResponderTerminationRequest={[Function]}
    onStartShouldSetResponder={[Function]}
    style={
      Object {
        "alignContent": "center",
        "backgroundColor": "#00d",
        "borderRadius": 10,
        "elevation": 8,
        "left": 0,
        "opacity": 1,
        "paddingHorizontal": 17,
        "paddingVertical": 15,
        "position": "absolute",
        "top": 25,
      }
    }
  >
    <Text
      style={
        Object {
          "alignSelf": "center",
          "color": "#fff",
          "fontSize": 18,
          "fontWeight": "bold",
          "textTransform": "uppercase",
        }
      }
    >
      aircooler
    </Text>
  </View>
  <View
    accessible={true}
    collapsable={false}
    focusable={true}
    onClick={[Function]}
    onResponderGrant={[Function]}
    onResponderMove={[Function]}
    onResponderRelease={[Function]}
    onResponderTerminate={[Function]}
    onResponderTerminationRequest={[Function]}
    onStartShouldSetResponder={[Function]}
    style={
      Object {
        "alignContent": "center",
        "backgroundColor": "#00d",
        "borderRadius": 10,
        "elevation": 8,
        "left": -150,
        "opacity": 1,
        "paddingHorizontal": 17,
        "paddingVertical": 15,
        "position": "absolute",
        "top": 125,
      }
    }
  >
    <Text
      style={
        Object {
          "alignSelf": "center",
          "color": "#fff",
          "fontSize": 18,
          "fontWeight": "bold",
          "textTransform": "uppercase",
        }
      }
    >
      lights
    </Text>
  </View>
</View>
`;
